[www.eurofert-egypt.com/index.html]
[backblue.gif]
[fade.gif]
[index.html]
[www.eurofert-egypt.com/feed/feed.html]
[www.eurofert-egypt.com/comments/feed/feed.html]
[www.eurofert-egypt.com/eufincludes/Text/Diff/Renderer/Others/apps/theme-my-login/theme-my-login.css]
[www.eurofert-egypt.com/eufincludes/css/dashicons.min.css]
[www.eurofert-egypt.com/eufincludes/Text/Diff/Renderer/Others/apps/mappress-google-maps-for-euroferts/css/mappress.css]
[www.eurofert-egypt.com/eufincludes/Text/Diff/Renderer/Others/themes/eurofert/style.css]
[www.eurofert-egypt.com/eufincludes/js/jquery/jquery.js]
[www.eurofert-egypt.com/eufincludes/js/jquery/jquery-migrate.min.js]
[www.eurofert-egypt.com/eufincludes/Text/Diff/Renderer/Others/apps/the-preloader/js/preloader-script.js]
[www.eurofert-egypt.com/wp-json/wp-json.html]
[www.eurofert-egypt.com/xmlrpc.xml]
[www.eurofert-egypt.com/eufincludes/wlwmanifest.xml]
[www.eurofert-egypt.com/wp-json/oembed/1.0/embed.xml]
[www.eurofert-egypt.com/images/uploads/2017/08/15-logo.png]
[www.eurofert-egypt.com/products.html]
[www.eurofert-egypt.com/npk.html]
[www.eurofert-egypt.com/chelates.html]
[www.eurofert-egypt.com/paste-range.html]
[www.eurofert-egypt.com/specialty-fertilizers-range.html]
[www.eurofert-egypt.com/events.html]
[www.eurofert-egypt.com/about-us.html]
[www.eurofert-egypt.com/foliar-fertilizers.html]
[www.eurofert-egypt.com/contact-us.html]
[www.eurofert-egypt.com/images/uploads/2017/03/empty.png]
[www.eurofert-egypt.com/images/uploads/2017/03/eurofert.png]
[www.eurofert-egypt.com/eurofertimg.html]
[www.eurofert-egypt.com/sama.html]
[www.eurofert-egypt.com/images/uploads/2017/03/9-1.jpg]
[www.eurofert-egypt.com/video.html]
[www.eurofert-egypt.com/images/uploads/2017/03/19-1.jpg]
[www.eurofert-egypt.com/images/uploads/2017/03/orange.jpg]
[www.eurofert-egypt.com/beat.html]
[www.eurofert-egypt.com/images/uploads/2017/03/8-1.jpg]
[www.eurofert-egypt.com/images/uploads/2017/03/contact.jpg]
[www.eurofert-egypt.com/shams.html]
[www.eurofert-egypt.com/images/uploads/2017/03/5-1.jpg]
[www.eurofert-egypt.com/our-mission.html]
[www.eurofert-egypt.com/images/uploads/2017/03/mi.jpg]
[www.eurofert-egypt.com/sahab.html]
[www.eurofert-egypt.com/images/uploads/2017/03/6-1.jpg]
[www.eurofert-egypt.com/our-vision.html]
[www.eurofert-egypt.com/images/uploads/2017/03/7-1.jpg]
[www.eurofert-egypt.com/eufincludes/Text/Diff/Renderer/Others/apps/wp-tiles/assets/css/wp-tiles.css]
[www.eurofert-egypt.com/suba.html]
[www.eurofert-egypt.com/eufincludes/Text/Diff/Renderer/Others/themes/eurofert/assets/js/navigation.min.js]
[www.eurofert-egypt.com/eufincludes/Text/Diff/Renderer/Others/themes/eurofert/assets/js/skip-link-focus-fix.min.js]
[www.eurofert-egypt.com/eufincludes/js/hoverIntent.min.js]
[www.eurofert-egypt.com/eufincludes/Text/Diff/Renderer/Others/apps/megamenu/js/maxmegamenu.js]
[www.eurofert-egypt.com/eufincludes/js/wp-embed.min.js]
[www.eurofert-egypt.com/eufincludes/Text/Diff/Renderer/Others/apps/wp-tiles/assets/js/wp-tiles.min.js]
[www.eurofert-egypt.com/index.html]
[www.eurofert-egypt.com/xmlrpc.html]
[www.eurofert-egypt.com/feed/feed.html]
[www.eurofert-egypt.com/comments/feed/feed.html]
[www.eurofert-egypt.com/eufincludes/css/dashicons.min.css]
[www.eurofert-egypt.com/eufincludes/Text/Diff/Renderer/Others/apps/theme-my-login/theme-my-login.css]
[www.eurofert-egypt.com/eufincludes/Text/Diff/Renderer/Others/apps/mappress-google-maps-for-euroferts/css/mappress.css]
[www.eurofert-egypt.com/eufincludes/Text/Diff/Renderer/Others/themes/eurofert/style.css]
[www.eurofert-egypt.com/wp-json/wp-json.html]
[www.eurofert-egypt.com/www_eurofert-egypt_default.html]
[www.eurofert-egypt.com/wp-json/oembed/1.0/embed.html]
[www.eurofert-egypt.com/images/preloader.html]
[www.eurofert-egypt.com/images/uploads/2018/01/back-16-6.html]
[www.eurofert-egypt.com/products7ffe.html]
[www.eurofert-egypt.com/wp-json/oembed/1.0/embed_2.xml]
[www.eurofert-egypt.com/images/uploads/2017/09/icons-new-01-300x120.png]
[www.eurofert-egypt.com/images/uploads/2017/09/icons-new-02-300x120.png]
[www.eurofert-egypt.com/images/uploads/2017/09/icons-new-03-300x120.png]
[www.eurofert-egypt.com/images/uploads/2017/09/icons-new-04-300x120.png]
[www.eurofert-egypt.com/images/uploads/2017/09/icons-new-05-300x120.png]
[www.eurofert-egypt.com/eufincludes/Text/Diff/Renderer/Others/apps/wp-media-folder/assets/css/display-gallery/style-display-gallery.css]
[www.eurofert-egypt.com/eufincludes/Text/Diff/Renderer/Others/apps/wp-media-folder/assets/css/material-design-iconic-font.min.css]
[www.eurofert-egypt.com/eufincludes/Text/Diff/Renderer/Others/apps/wp-media-folder/assets/css/display-gallery/magnific-popup.css]
[www.eurofert-egypt.com/products.html]
[www.eurofert-egypt.com/npk724e.html]
[www.eurofert-egypt.com/wp-json/oembed/1.0/embed_3.xml]
[www.eurofert-egypt.com/npk.html]
[www.eurofert-egypt.com/chelates83ef.html]
[www.eurofert-egypt.com/wp-json/oembed/1.0/embed_4.xml]
[www.eurofert-egypt.com/images/uploads/2017/09/combi-939x1024.png]
[www.eurofert-egypt.com/images/uploads/2017/09/combi-275x300.png]
[www.eurofert-egypt.com/images/uploads/2017/11/Mn-939x1024.png]
[www.eurofert-egypt.com/images/uploads/2017/11/Mn-275x300.png]
[www.eurofert-egypt.com/images/uploads/2017/11/fe-939x1024.png]
[www.eurofert-egypt.com/images/uploads/2017/11/fe-275x300.png]
[www.eurofert-egypt.com/images/uploads/2017/11/ze-939x1024.png]
[www.eurofert-egypt.com/images/uploads/2017/11/ze-275x300.png]
[www.eurofert-egypt.com/chelates.html]
[www.eurofert-egypt.com/foliar-fertilizerse006.html]
[www.eurofert-egypt.com/wp-json/oembed/1.0/embed_6.xml]
[www.eurofert-egypt.com/images/uploads/2017/09/0-0-3625-736x1024.png]
[www.eurofert-egypt.com/images/uploads/2017/09/0-0-3625-216x300.png]
[www.eurofert-egypt.com/images/uploads/2017/09/0-0-40-736x1024.png]
[www.eurofert-egypt.com/images/uploads/2017/09/0-0-40-216x300.png]
[www.eurofert-egypt.com/images/uploads/2017/09/0-0-36-736x1024.png]
[www.eurofert-egypt.com/images/uploads/2017/09/0-0-36-216x300.png]
[www.eurofert-egypt.com/images/uploads/2017/09/5-40-5-736x1024.png]
[www.eurofert-egypt.com/images/uploads/2017/09/5-40-5-216x300.png]
[www.eurofert-egypt.com/images/uploads/2017/09/0-33-44-736x1024.png]
[www.eurofert-egypt.com/images/uploads/2017/09/0-33-44-216x300.png]
[www.eurofert-egypt.com/foliar-fertilizers.html]
[www.eurofert-egypt.com/paste-range91e6.html]
[www.eurofert-egypt.com/wp-json/oembed/1.0/embed_5.xml]
[www.eurofert-egypt.com/images/uploads/2017/09/col20-20-20.png]
[www.eurofert-egypt.com/images/uploads/2017/09/col20-20-20-150x150.png]
[www.eurofert-egypt.com/images/uploads/2017/09/col15-50-20.png]
[www.eurofert-egypt.com/images/uploads/2017/09/col15-50-20-150x150.png]
[www.eurofert-egypt.com/images/uploads/2017/09/col10-50-20.png]
[www.eurofert-egypt.com/images/uploads/2017/09/col10-50-20-150x150.png]
[www.eurofert-egypt.com/images/uploads/2017/09/col5-50-30.png]
[www.eurofert-egypt.com/images/uploads/2017/09/col5-50-30-150x150.png]
[www.eurofert-egypt.com/paste-range.html]
[www.eurofert-egypt.com/specialty-fertilizers-ranged34f.html]
[www.eurofert-egypt.com/wp-json/oembed/1.0/embed_7.xml]
[www.eurofert-egypt.com/specialty-fertilizers-range.html]
[www.eurofert-egypt.com/eventsa9e1.html]
[www.eurofert-egypt.com/wp-json/oembed/1.0/embed_12.xml]
[www.eurofert-egypt.com/images/uploads/2017/10/IMG_0728-1024x713.jpg]
[www.eurofert-egypt.com/images/uploads/2017/10/IMG_5145-1024x683.jpg]
[www.eurofert-egypt.com/images/uploads/2017/10/IMG_5145-150x150.jpg]
[www.eurofert-egypt.com/images/uploads/2017/10/IMG_5111-1024x723.jpg]
[www.eurofert-egypt.com/images/uploads/2017/10/IMG_5111-150x150.jpg]
[www.eurofert-egypt.com/images/uploads/2017/10/IMG_5012-1024x437.jpg]
[www.eurofert-egypt.com/images/uploads/2017/10/IMG_5012-150x150.jpg]
[www.eurofert-egypt.com/images/uploads/2017/10/IMG_0728-150x150.jpg]
[www.eurofert-egypt.com/images/uploads/2017/10/IMG_5302-1024x579.jpg]
[www.eurofert-egypt.com/images/uploads/2017/10/IMG_5302-150x150.jpg]
[www.eurofert-egypt.com/images/uploads/2017/10/IMG-20170922-WA0327-1024x768.jpg]
[www.eurofert-egypt.com/images/uploads/2017/10/IMG-20170922-WA0327-300x225.jpg]
[www.eurofert-egypt.com/images/uploads/2017/10/20170924_134935_001-1024x576.jpg]
[www.eurofert-egypt.com/images/uploads/2017/10/20170924_134935_001-300x169.jpg]
[www.eurofert-egypt.com/images/uploads/2017/10/20170923_121832-1024x576.jpg]
[www.eurofert-egypt.com/images/uploads/2017/10/20170923_121832-300x169.jpg]
[www.eurofert-egypt.com/images/uploads/2017/10/20170922_133100-1024x576.jpg]
[www.eurofert-egypt.com/images/uploads/2017/10/20170922_133100-300x169.jpg]
[www.eurofert-egypt.com/images/uploads/2017/10/IMG-20170924-WA0177-1024x576.jpg]
[www.eurofert-egypt.com/images/uploads/2017/10/IMG-20170924-WA0177-300x169.jpg]
[www.eurofert-egypt.com/eufincludes/Text/Diff/Renderer/Others/apps/wp-media-folder/assets/css/display-gallery/flexslider.css]
[www.eurofert-egypt.com/events.html]
[www.eurofert-egypt.com/wp-json/oembed/1.0/embed_10.xml]
[www.eurofert-egypt.com/images/uploads/2017/03/17.png]
[www.eurofert-egypt.com/about-us.html]
[www.eurofert-egypt.com/wp-json/oembed/1.0/embed_8.xml]
[www.eurofert-egypt.com/eufincludes/js/underscore.min.js]
[www.eurofert-egypt.com/eufincludes/Text/Diff/Renderer/Others/apps/mappress-google-maps-for-euroferts/js/mappress.min.js]
[www.eurofert-egypt.com/eufincludes/js/jquery/ui/core.min.js]
[www.eurofert-egypt.com/eufincludes/Text/Diff/Renderer/Others/apps/si-contact-form/includes/fscf-scripts.js]
[www.eurofert-egypt.com/contact-us.html]
[www.eurofert-egypt.com/wp-json/oembed/1.0/embed_9.xml]
[www.eurofert-egypt.com/author/maged/maged.html]
[www.eurofert-egypt.com/eurofertimg.html]
[www.eurofert-egypt.com/wp-json/oembed/1.0/embed_11.xml]
[www.eurofert-egypt.com/sama.html]
[www.eurofert-egypt.com/wp-json/oembed/1.0/embed_13.xml]
[www.eurofert-egypt.com/video.html]
[www.eurofert-egypt.com/empty.html]
[www.eurofert-egypt.com/wp-json/oembed/1.0/embed_14.xml]
[www.eurofert-egypt.com/beat.html]
[www.eurofert-egypt.com/wp-json/oembed/1.0/embed_15.xml]
[www.eurofert-egypt.com/shams.html]
[www.eurofert-egypt.com/our-mission9f53.html]
[www.eurofert-egypt.com/wp-json/oembed/1.0/embed_16.xml]
[www.eurofert-egypt.com/our-mission.html]
[www.eurofert-egypt.com/wp-json/oembed/1.0/embed_17.xml]
[www.eurofert-egypt.com/sahab.html]
[www.eurofert-egypt.com/our-vision39a7.html]
[www.eurofert-egypt.com/wp-json/oembed/1.0/embed_18.xml]
[www.eurofert-egypt.com/our-vision.html]
[www.eurofert-egypt.com/wp-json/oembed/1.0/embed_19.xml]
[www.eurofert-egypt.com/suba.html]
[www.eurofert-egypt.com/eufincludes/Text/Diff/Renderer/Others/apps/wp-tiles/assets/css/wp-tiles.css]
[www.eurofert-egypt.com/feed/index.html]
[www.eurofert-egypt.com/comments/feed/index.html]
[www.eurofert-egypt.com/eufincludes/fonts/dashicons.html]
[www.eurofert-egypt.com/eufincludes/Text/Diff/Renderer/Others/apps/mappress-google-maps-for-euroferts/images/geolocate-2x.html]
[www.eurofert-egypt.com/eufincludes/Text/Diff/Renderer/Others/apps/mappress-google-maps-for-euroferts/images/directions.html]
[www.eurofert-egypt.com/eufincludes/Text/Diff/Renderer/Others/apps/mappress-google-maps-for-euroferts/images/menu-2x.html]
[www.eurofert-egypt.com/eufincludes/Text/Diff/Renderer/Others/apps/mappress-google-maps-for-euroferts/images/loading.html]
[www.eurofert-egypt.com/eufincludes/Text/Diff/Renderer/Others/themes/eurofert/assets/genericons/Genericons.html]
[www.eurofert-egypt.com/_http_/www.eurofert-egypt.com/_.html]
[www.eurofert-egypt.com/products7ffe.html]
[www.eurofert-egypt.com/wp-json/oembed/1.0/embed_2.html]
[www.eurofert-egypt.com/eufincludes/Text/Diff/Renderer/Others/apps/wp-media-folder/assets/css/display-gallery/style-display-gallery.css]
[www.eurofert-egypt.com/eufincludes/Text/Diff/Renderer/Others/apps/wp-media-folder/assets/css/material-design-iconic-font.min.css]
[www.eurofert-egypt.com/eufincludes/Text/Diff/Renderer/Others/apps/wp-media-folder/assets/css/display-gallery/magnific-popup.css]
[www.eurofert-egypt.com/products/eufincludes/js/wp-embed.min.html]
[www.eurofert-egypt.com/products/eufincludes/Text/Diff/Renderer/Others/apps/wp-media-folder/assets/js/display-gallery/imagesloaded.pkgd.min.html]
[www.eurofert-egypt.com/products/eufincludes/Text/Diff/Renderer/Others/apps/wp-media-folder/assets/js/display-gallery/site_gallery.html]
[www.eurofert-egypt.com/npk724e.html]
[www.eurofert-egypt.com/wp-json/oembed/1.0/embed_3.html]
[www.eurofert-egypt.com/products/npk/eufincludes/Text/Diff/Renderer/Others/themes/eurofert/assets/js/navigation.min.html]
[www.eurofert-egypt.com/products/npk/eufincludes/Text/Diff/Renderer/Others/themes/eurofert/assets/js/skip-link-focus-fix.min.html]
[www.eurofert-egypt.com/products/npk/eufincludes/js/hoverIntent.min.html]
[www.eurofert-egypt.com/products/npk/eufincludes/Text/Diff/Renderer/Others/apps/megamenu/js/maxmegamenu.html]
[www.eurofert-egypt.com/products/npk/eufincludes/js/wp-embed.min.html]
[www.eurofert-egypt.com/chelates83ef.html]
[www.eurofert-egypt.com/wp-json/oembed/1.0/embed_4.html]
[www.eurofert-egypt.com/products/chelates/eufincludes/js/wp-embed.min.html]
[www.eurofert-egypt.com/products/chelates/eufincludes/Text/Diff/Renderer/Others/apps/wp-media-folder/assets/js/display-gallery/jquery.magnific-popup.min.html]
[www.eurofert-egypt.com/products/chelates/eufincludes/Text/Diff/Renderer/Others/apps/wp-media-folder/assets/js/display-gallery/imagesloaded.pkgd.min.html]
[www.eurofert-egypt.com/products/chelates/eufincludes/Text/Diff/Renderer/Others/apps/wp-media-folder/assets/js/display-gallery/site_gallery.html]
[www.eurofert-egypt.com/foliar-fertilizerse006.html]
[www.eurofert-egypt.com/wp-json/oembed/1.0/embed_6.html]
[www.eurofert-egypt.com/products/foliar-fertilizers/eufincludes/js/wp-embed.min.html]
[www.eurofert-egypt.com/products/foliar-fertilizers/eufincludes/Text/Diff/Renderer/Others/apps/wp-media-folder/assets/js/display-gallery/jquery.magnific-popup.min.html]
[www.eurofert-egypt.com/products/foliar-fertilizers/eufincludes/Text/Diff/Renderer/Others/apps/wp-media-folder/assets/js/display-gallery/imagesloaded.pkgd.min.html]
[www.eurofert-egypt.com/products/foliar-fertilizers/eufincludes/Text/Diff/Renderer/Others/apps/wp-media-folder/assets/js/display-gallery/site_gallery.html]
[www.eurofert-egypt.com/paste-range91e6.html]
[www.eurofert-egypt.com/wp-json/oembed/1.0/embed_5.html]
[www.eurofert-egypt.com/products/paste-range/eufincludes/js/wp-embed.min.html]
[www.eurofert-egypt.com/products/paste-range/eufincludes/Text/Diff/Renderer/Others/apps/wp-media-folder/assets/js/display-gallery/jquery.magnific-popup.min.html]
[www.eurofert-egypt.com/products/paste-range/eufincludes/Text/Diff/Renderer/Others/apps/wp-media-folder/assets/js/display-gallery/imagesloaded.pkgd.min.html]
[www.eurofert-egypt.com/products/paste-range/eufincludes/Text/Diff/Renderer/Others/apps/wp-media-folder/assets/js/display-gallery/site_gallery.html]
[www.eurofert-egypt.com/specialty-fertilizers-ranged34f.html]
[www.eurofert-egypt.com/wp-json/oembed/1.0/embed_9.html]
[www.eurofert-egypt.com/products/specialty-fertilizers-range/eufincludes/Text/Diff/Renderer/Others/themes/eurofert/assets/js/navigation.min.html]
[www.eurofert-egypt.com/products/specialty-fertilizers-range/eufincludes/Text/Diff/Renderer/Others/themes/eurofert/assets/js/skip-link-focus-fix.min.html]
[www.eurofert-egypt.com/products/specialty-fertilizers-range/eufincludes/js/hoverIntent.min.html]
[www.eurofert-egypt.com/products/specialty-fertilizers-range/eufincludes/Text/Diff/Renderer/Others/apps/megamenu/js/maxmegamenu.html]
[www.eurofert-egypt.com/products/specialty-fertilizers-range/eufincludes/js/wp-embed.min.html]
[www.eurofert-egypt.com/eventsa9e1.html]
[www.eurofert-egypt.com/wp-json/oembed/1.0/embed_12.html]
[www.eurofert-egypt.com/eufincludes/Text/Diff/Renderer/Others/apps/wp-media-folder/assets/css/display-gallery/flexslider.css]
[www.eurofert-egypt.com/events/eufincludes/Text/Diff/Renderer/Others/apps/wp-media-folder/assets/js/display-gallery/jquery.magnific-popup.min.html]
[www.eurofert-egypt.com/events/eufincludes/Text/Diff/Renderer/Others/apps/wp-media-folder/assets/js/display-gallery/flexslider/jquery.flexslider.html]
[www.eurofert-egypt.com/events/eufincludes/Text/Diff/Renderer/Others/apps/wp-media-folder/assets/js/display-gallery/imagesloaded.pkgd.min.html]
[www.eurofert-egypt.com/events/eufincludes/Text/Diff/Renderer/Others/apps/wp-media-folder/assets/js/display-gallery/site_gallery.html]
[www.eurofert-egypt.com/index8989.html]
[www.eurofert-egypt.com/wp-json/oembed/1.0/embed_10.html]
[www.eurofert-egypt.com/about-us/eufincludes/Text/Diff/Renderer/Others/themes/eurofert/assets/js/navigation.min.html]
[www.eurofert-egypt.com/about-us/eufincludes/Text/Diff/Renderer/Others/themes/eurofert/assets/js/skip-link-focus-fix.min.html]
[www.eurofert-egypt.com/about-us/eufincludes/js/hoverIntent.min.html]
[www.eurofert-egypt.com/about-us/eufincludes/Text/Diff/Renderer/Others/apps/megamenu/js/maxmegamenu.html]
[www.eurofert-egypt.com/about-us/eufincludes/js/wp-embed.min.html]
[www.eurofert-egypt.com/index9588.html]
[www.eurofert-egypt.com/wp-json/oembed/1.0/embed_7.html]
[www.eurofert-egypt.com/index77b5.html]
[www.eurofert-egypt.com/wp-json/oembed/1.0/embed_8.html]
[www.eurofert-egypt.com/author/maged/feed/feed.html]
[www.eurofert-egypt.com/author/maged/maged.html]
[www.eurofert-egypt.com/eurofertimg/eufincludes/js/hoverIntent.min.html]
[www.eurofert-egypt.com/eurofertimg/eufincludes/Text/Diff/Renderer/Others/apps/megamenu/js/maxmegamenu.html]
[www.eurofert-egypt.com/eurofertimg/eufincludes/js/wp-embed.min.html]
[www.eurofert-egypt.com/indexda6e.html]
[www.eurofert-egypt.com/author/maged/page/2/2.html]
[www.eurofert-egypt.com/wp-json/oembed/1.0/embed_11.html]
[www.eurofert-egypt.com/sama/eufincludes/js/hoverIntent.min.html]
[www.eurofert-egypt.com/sama/eufincludes/Text/Diff/Renderer/Others/apps/megamenu/js/maxmegamenu.html]
[www.eurofert-egypt.com/sama/eufincludes/js/wp-embed.min.html]
[www.eurofert-egypt.com/indexcf6d.html]
[www.eurofert-egypt.com/wp-json/oembed/1.0/embed_13.html]
[www.eurofert-egypt.com/video/eufincludes/js/hoverIntent.min.html]
[www.eurofert-egypt.com/video/eufincludes/Text/Diff/Renderer/Others/apps/megamenu/js/maxmegamenu.html]
[www.eurofert-egypt.com/video/eufincludes/js/wp-embed.min.html]
[www.eurofert-egypt.com/wp-json/oembed/1.0/embed_20.xml]
[www.eurofert-egypt.com/empty.html]
[www.eurofert-egypt.com/indexcaae.html]
[www.eurofert-egypt.com/wp-json/oembed/1.0/embed_14.html]
[www.eurofert-egypt.com/beat/eufincludes/js/hoverIntent.min.html]
[www.eurofert-egypt.com/beat/eufincludes/Text/Diff/Renderer/Others/apps/megamenu/js/maxmegamenu.html]
[www.eurofert-egypt.com/beat/eufincludes/js/wp-embed.min.html]
[www.eurofert-egypt.com/index9b9e.html]
[www.eurofert-egypt.com/wp-json/oembed/1.0/embed_15.html]
[www.eurofert-egypt.com/shams/eufincludes/js/hoverIntent.min.html]
[www.eurofert-egypt.com/shams/eufincludes/Text/Diff/Renderer/Others/apps/megamenu/js/maxmegamenu.html]
[www.eurofert-egypt.com/shams/eufincludes/js/wp-embed.min.html]
[www.eurofert-egypt.com/our-mission9f53.html]
[www.eurofert-egypt.com/wp-json/oembed/1.0/embed_16.html]
[www.eurofert-egypt.com/our-mission/eufincludes/js/hoverIntent.min.html]
[www.eurofert-egypt.com/our-mission/eufincludes/Text/Diff/Renderer/Others/apps/megamenu/js/maxmegamenu.html]
[www.eurofert-egypt.com/our-mission/eufincludes/js/wp-embed.min.html]
[www.eurofert-egypt.com/indexa5f2.html]
[www.eurofert-egypt.com/wp-json/oembed/1.0/embed_17.html]
[www.eurofert-egypt.com/sahab/eufincludes/js/hoverIntent.min.html]
[www.eurofert-egypt.com/sahab/eufincludes/Text/Diff/Renderer/Others/apps/megamenu/js/maxmegamenu.html]
[www.eurofert-egypt.com/sahab/eufincludes/js/wp-embed.min.html]
[www.eurofert-egypt.com/our-vision39a7.html]
[www.eurofert-egypt.com/wp-json/oembed/1.0/embed_18.html]
[www.eurofert-egypt.com/our-vision/eufincludes/js/hoverIntent.min.html]
[www.eurofert-egypt.com/our-vision/eufincludes/Text/Diff/Renderer/Others/apps/megamenu/js/maxmegamenu.html]
[www.eurofert-egypt.com/our-vision/eufincludes/js/wp-embed.min.html]
[www.eurofert-egypt.com/index8e0b.html]
[www.eurofert-egypt.com/wp-json/oembed/1.0/embed_19.html]
[www.eurofert-egypt.com/suba/eufincludes/js/hoverIntent.min.html]
[www.eurofert-egypt.com/suba/eufincludes/Text/Diff/Renderer/Others/apps/megamenu/js/maxmegamenu.html]
[www.eurofert-egypt.com/suba/eufincludes/js/wp-embed.min.html]
[www.eurofert-egypt.com/eufincludes/Text/Diff/Renderer/Others/apps/wp-tiles/assets/images/tile-demo-16109.html]
[www.eurofert-egypt.com/eufincludes/Text/Diff/Renderer/Others/apps/wp-tiles/assets/images/loading6109.html]
[www.eurofert-egypt.com/_http_/www.eurofert-egypt.com/products/_.html]
[www.eurofert-egypt.com/eufincludes/Text/Diff/Renderer/Others/apps/wp-media-folder/assets/fonts/Material-Design-Iconic-Fontd1f1.html]
[www.eurofert-egypt.com/eufincludes/Text/Diff/Renderer/Others/apps/wp-media-folder/assets/fonts/Material-Design-Iconic-Fontd1f1-2.html]
[www.eurofert-egypt.com/eufincludes/Text/Diff/Renderer/Others/apps/wp-media-folder/assets/fonts/Material-Design-Iconic-Fontd1f1-3.html]
[www.eurofert-egypt.com/_http_/www.eurofert-egypt.com/products/npk/_.html]
[www.eurofert-egypt.com/_http_/www.eurofert-egypt.com/products/chelates/_.html]
[www.eurofert-egypt.com/_http_/www.eurofert-egypt.com/products/foliar-fertilizers/_.html]
[www.eurofert-egypt.com/_http_/www.eurofert-egypt.com/products/paste-range/_.html]
[www.eurofert-egypt.com/_http_/www.eurofert-egypt.com/products/specialty-fertilizers-range/_.html]
[www.eurofert-egypt.com/_http_/www.eurofert-egypt.com/events/_.html]
[www.eurofert-egypt.com/eufincludes/Text/Diff/Renderer/Others/apps/wp-media-folder/assets/fonts/flexslider-icon.html]
[www.eurofert-egypt.com/eufincludes/Text/Diff/Renderer/Others/apps/wp-media-folder/assets/fonts/flexslider-icond41d.html]
[www.eurofert-egypt.com/eufincludes/Text/Diff/Renderer/Others/apps/wp-media-folder/assets/fonts/flexslider-icon-2.html]
[www.eurofert-egypt.com/eufincludes/Text/Diff/Renderer/Others/apps/wp-media-folder/assets/fonts/flexslider-icon-3.html]
[www.eurofert-egypt.com/eufincludes/Text/Diff/Renderer/Others/apps/wp-media-folder/assets/fonts/flexslider-icon-4.html]
[www.eurofert-egypt.com/_http_/www.eurofert-egypt.com/about-us/_.html]
[www.eurofert-egypt.com/_http_/www.eurofert-egypt.com/contact-us/_.html]
[www.eurofert-egypt.com/_http_/www.eurofert-egypt.com/eurofertimg/_.html]
[www.eurofert-egypt.com/author/maged/feed/feed.html]
[www.eurofert-egypt.com/author/maged/page/2/2.html]
[www.eurofert-egypt.com/_http_/www.eurofert-egypt.com/sama/_.html]
[www.eurofert-egypt.com/_http_/www.eurofert-egypt.com/video/_.html]
[www.eurofert-egypt.com/indexb25f.html]
[www.eurofert-egypt.com/wp-json/oembed/1.0/embed_20.html]
[www.eurofert-egypt.com/empty/eufincludes/js/hoverIntent.min.html]
[www.eurofert-egypt.com/empty/eufincludes/Text/Diff/Renderer/Others/apps/megamenu/js/maxmegamenu.html]
[www.eurofert-egypt.com/empty/eufincludes/js/wp-embed.min.html]
[www.eurofert-egypt.com/_http_/www.eurofert-egypt.com/beat/_.html]
[www.eurofert-egypt.com/_http_/www.eurofert-egypt.com/shams/_.html]
[www.eurofert-egypt.com/_http_/www.eurofert-egypt.com/our-mission/_.html]
[www.eurofert-egypt.com/_http_/www.eurofert-egypt.com/sahab/_.html]
[www.eurofert-egypt.com/_http_/www.eurofert-egypt.com/our-vision/_.html]
[www.eurofert-egypt.com/_http_/www.eurofert-egypt.com/suba/_.html]
[eurofert.6r1.com/wp-content/uploads/2017/09/icons-new-01-300x120.png]
[eurofert.6r1.com/wp-content/uploads/2017/09/icons-new-02-300x120.png]
[eurofert.6r1.com/wp-content/uploads/2017/09/icons-new-04-300x120.png]
[eurofert.6r1.com/wp-content/uploads/2017/09/icons-new-03-300x120.png]
[www.eurofert-egypt.com/author/maged/feed/index.html]
[www.eurofert-egypt.com/_http_/www.eurofert-egypt.com/empty/_.html]
